# This file is generated by `rapids-dependency-file-generator`.
# To make changes, edit ../../dependencies.yaml and run `rapids-dependency-file-generator`.
black=22.3.0
clang=11.1.0
cuda-python>=11.5,<11.7.1
pytest
pytest-cov
some_arm11.5_dep
some_common_req_misc_dep
