# This file is generated by `rapids-dependency-file-generator`.
# To make changes, edit ../../dependencies.yaml and run `rapids-dependency-file-generator`.
channels:
- rapidsai
- conda-forge
dependencies:
- cudatoolkit
name: all_cuda-118
