# This file is generated by `rapids-dependency-file-generator`.
# To make changes, edit ../../dependencies.yaml and run `rapids-dependency-file-generator`.
[build-system]
build-backend = "setuptools.build_meta"
requires = [
    "cuda-python>=11.6,<11.7.1",
] # This list was generated by `rapids-dependency-file-generator`. To make changes, edit ../../dependencies.yaml and run `rapids-dependency-file-generator`.

[project]
name = "test-cu11"
version = "0.0.0"
dependencies = [
    "numpy",
    "scipy",
] # This list was generated by `rapids-dependency-file-generator`. To make changes, edit ../../dependencies.yaml and run `rapids-dependency-file-generator`.

[project.optional-dependencies]
test = [
    "scikit-image",
    "scikit-learn",
] # This list was generated by `rapids-dependency-file-generator`. To make changes, edit ../../dependencies.yaml and run `rapids-dependency-file-generator`.
