# This file is generated by `rapids-dependency-file-generator`.
# To make changes, edit ../../dependencies.yaml and run `rapids-dependency-file-generator`.
channels:
- rapidsai
- conda-forge
dependencies:
- black=22.3.0
- clang-tools=11.1.0
- clang=11.1.0
- cuda-python>=11.5,<11.7.1
- cudatoolkit=11.5
- pytest
- pytest-cov
- spdlog>=1.8.5,<1.9
name: all_cuda-115
